// Jest Snapshot v1, https://goo.gl/fbAQLP

exports[`converted CSV matches snapshot 1`] = `
"student,module_1,module_2,module_3,module_4,cfu_questions,sprint_assessment,sprint_challenge,total_score
Smith Zach,0,0,0,0,0.00,0.00,0.00,0.00
Poole Adam,1.00,0.23,0.19,0,31.58,0.00,0.00,6.51
Sun Mary,5.00,5.00,5.00,0,36.84,80.00,58.57,61.56
Lucas Jason,4.67,5.00,2.19,0,42.11,0.00,6.43,24.35
Price Katherine,5.00,5.00,5.00,0,84.21,80.00,100.00,89.38
"
`;

exports[`converted JSON matches snapshot 1`] = `"[{\\"student\\":\\"Smith, Zach\\",\\"module_1\\":\\"0\\",\\"module_2\\":\\"0\\",\\"module_3\\":\\"0\\",\\"module_4\\":\\"0\\",\\"cfu_questions\\":\\"0.00\\",\\"sprint_assessment\\":\\"0.00\\",\\"sprint_challenge\\":\\"0.00\\",\\"total_score\\":\\"0.00\\"},{\\"student\\":\\"Poole, Adam\\",\\"module_1\\":\\"1.00\\",\\"module_2\\":\\"0.23\\",\\"module_3\\":\\"0.19\\",\\"module_4\\":\\"0\\",\\"cfu_questions\\":\\"31.58\\",\\"sprint_assessment\\":\\"0.00\\",\\"sprint_challenge\\":\\"0.00\\",\\"total_score\\":\\"6.51\\"},{\\"student\\":\\"Sun, Mary\\",\\"module_1\\":\\"5.00\\",\\"module_2\\":\\"5.00\\",\\"module_3\\":\\"5.00\\",\\"module_4\\":\\"0\\",\\"cfu_questions\\":\\"36.84\\",\\"sprint_assessment\\":\\"80.00\\",\\"sprint_challenge\\":\\"58.57\\",\\"total_score\\":\\"61.56\\"},{\\"student\\":\\"Lucas, Jason\\",\\"module_1\\":\\"4.67\\",\\"module_2\\":\\"5.00\\",\\"module_3\\":\\"2.19\\",\\"module_4\\":\\"0\\",\\"cfu_questions\\":\\"42.11\\",\\"sprint_assessment\\":\\"0.00\\",\\"sprint_challenge\\":\\"6.43\\",\\"total_score\\":\\"24.35\\"},{\\"student\\":\\"Price, Katherine\\",\\"module_1\\":\\"5.00\\",\\"module_2\\":\\"5.00\\",\\"module_3\\":\\"5.00\\",\\"module_4\\":\\"0\\",\\"cfu_questions\\":\\"84.21\\",\\"sprint_assessment\\":\\"80.00\\",\\"sprint_challenge\\":\\"100.00\\",\\"total_score\\":\\"89.38\\"}]"`;
